// Jest Snapshot v1, https://goo.gl/fbAQLP

exports[`Comic details page should render details component 1`] = `
<div>
  <div
    class="App"
  >
    <section
      class="header"
    >
      <div
        class="header__container"
      >
        <div
          class="header__logo"
        >
          <img
            alt="marvel logo"
            class="header__bgImage"
            src="marvel-icon.png"
          />
        </div>
        <nav
          class="header__navigation"
        >
          <ul
            class="header__navList"
          >
            <li
              class="header__navItems"
            >
              <a
                class=""
                href="/"
              >
                Home
              </a>
            </li>
            <li
              class="header__navItems"
            >
              <a
                class=""
                href="/characters"
              >
                Characters
              </a>
            </li>
            <li
              class="header__navItems"
            >
              <a
                aria-current="page"
                class="header__activeLink"
                href="/comics"
              >
                Comics
              </a>
            </li>
            <li
              class="header__navItems"
            >
              <a
                class=""
                href="/stories"
              >
                Stories
              </a>
            </li>
            <li
              class="header__navItems"
            >
              <a
                class=""
                href="/bookmarks"
              >
                Bookmarks
              </a>
            </li>
          </ul>
        </nav>
        <div
          class="header__menuIcon"
          role="menu"
          tabindex="0"
        >
          <i
            class="fa-solid fa-bars"
          />
        </div>
      </div>
    </section>
    <main>
      <section
        class="detail"
      >
        <div
          class="detail__container"
        >
          <div
            class="detail__goBack"
          >
            <button
              type="button"
            >
              <i
                class="fa-solid fa-arrow-left"
              />
            </button>
          </div>
          <div
            class="detail__card"
          >
            <div
              class="detail__cardImg"
            >
              <img
                alt="imageId"
                src="http://i.annihil.us/u/prod/marvel/i/mg/c/80/4bc5fe7a308d7.jpg"
              />
            </div>
            <div
              class="detail__cardBody"
            >
              <div
                class="detail__cardBodyInfo"
              >
                <p
                  class="detail__cardBodyTitle"
                >
                  Storm (2006)
                </p>
                <p
                  class="detail__cardDescription"
                >
                  The epic, untold love story between Marvel's two pre-eminent Black super heroes -- Storm and the Black Panther -- is finally told, as only New York Times best-selling author Eric Jerome Dickey can do it!  An orphaned street urchin, living by her wits on the unforgiving plains of Africa as she struggles to harness her slowly-developing mutant powers...A warrior Prince, embarking on his rite of passage as he ponders the great responsibility in his future...And a crew of ruthless mercenaries who'll stop at nothing to capture an elusive creature of legend -- the fabled wind-rider.  What sparks occur when their paths intersect?  Don't miss out on this story, True Believer, as it builds to a July Event that will shake the entire Marvel Universe.
&lt;br&gt;
&lt;br&gt;32 PGS./T+ SUGGESTED FOR TEENS AND UP ...$2.99
&lt;br&gt;
                </p>
              </div>
              <div
                class="detail__cardBodyBottom"
              >
                <button
                  data-testid="icon-heart"
                  style="background-color: red;"
                  type="button"
                >
                  Like
                   
                  <i
                    class="fa-sharp fa-solid fa-heart"
                  />
                </button>
                <button
                  data-testid="icon-hide"
                  style="background-color: red; pointer-events: auto;"
                  type="button"
                >
                  Hide
                   
                  <i
                    class="fa-solid fa-eye-slash"
                  />
                </button>
              </div>
            </div>
          </div>
          <div
            class="detail__characterInfo"
          >
            <div
              class="detail__characters"
            >
              <h1>
                CHARACTERS
              </h1>
              <a
                href="/characters/1009629"
              >
                <li>
                  Storm
                </li>
              </a>
            </div>
            <div
              class="detail__stories"
            >
              <h1>
                STORIES
              </h1>
              <a
                href="/stories/496"
              >
                <li>
                  Cover #496
                </li>
              </a>
              <a
                href="/stories/497"
              >
                <li>
                  Interior #497
                </li>
              </a>
            </div>
          </div>
        </div>
      </section>
    </main>
    <footer
      class="footer"
    >
      <div
        class="footer__container"
      >
        <div
          class="footer__image"
        >
          <img
            alt="marvel logo"
            src="marvel-icon.png"
          />
        </div>
        <p
          class="footer__copyright"
        >
          Made by KevinðŸ˜Ž. Applaudo Studios 2023
        </p>
      </div>
    </footer>
  </div>
</div>
`;
